// Jest Snapshot v1, https://goo.gl/fbAQLP

exports[`renders the same as last time with a button 1`] = `
<section
  id="hero"
>
  <div
    className="grid-container"
  >
    <div
      className="grid-x grid-padding-x align-center text-center"
    >
      <div
        className="small-12"
      >
        <h1>
          Card game - 
          Test
        </h1>
      </div>
    </div>
  </div>
</section>
`;
