// Jest Snapshot v1, https://goo.gl/fbAQLP

exports[`renders the same as last time 1`] = `
<section
  className="players"
>
  <div
    className="grid-container"
  >
    <div
      className="small-12"
    >
      <h2>
        house
      </h2>
      <div
        className="grid-container"
      >
        <div
          className="grid-x grid-padding-x align-center"
        >
          <div
            id="test"
          >
            Text
          </div>
        </div>
      </div>
    </div>
  </div>
</section>
`;
